// Jest Snapshot v1, https://goo.gl/fbAQLP

exports[`censys basic test: helpers.saveDomainsToDb 1`] = `Array []`;
